
> coursei@0.1.0 build
> next build

   Γû▓ Next.js 15.5.18
   - Environments: .env

   Creating an optimized production build ...
 Γ£ô Compiled successfully in 37.8s
   Linting and checking validity of types ...

./app/api/canvas/[courseId]/expand/route.ts
13:26  Warning: 'chapterIndex' is assigned a value but never used.  @typescript-eslint/no-unused-vars

./app/api/health/route.ts
8:9  Warning: 'startTime' is assigned a value but never used.  @typescript-eslint/no-unused-vars
18:12  Warning: 'error' is defined but never used.  @typescript-eslint/no-unused-vars

./app/api/verify/route.ts
17:12  Warning: 'error' is defined but never used.  @typescript-eslint/no-unused-vars

./app/dashboard/explore/page.tsx
2:10  Warning: 'getAllPublishedCourses' is defined but never used.  @typescript-eslint/no-unused-vars
52:6  Warning: React Hook useEffect has missing dependencies: 'GetAllCourse' and 'performSearch'. Either include them or remove the dependency array.  react-hooks/exhaustive-deps

./app/_components/MarkdownRenderer.tsx
22:18  Warning: 'node' is defined but never used.  @typescript-eslint/no-unused-vars
127:17  Warning: Using `<img>` could result in slower LCP and higher bandwidth. Consider using `<Image />` from `next/image` or a custom image loader to automatically optimize images. This may incur additional usage or cost from your provider. See: https://nextjs.org/docs/messages/no-img-element  @next/next/no-img-element

./app/_components/MathFormula.tsx
24:16  Warning: 'error' is defined but never used.  @typescript-eslint/no-unused-vars

info  - Need to disable some ESLint rules? Learn more here: https://nextjs.org/docs/app/api-reference/config/eslint#disabling-rules
node.exe : Failed to compile.
At line:1 char:1
+ & "C:\Program Files\nodejs/node.exe" "C:\Program Files\nodejs/node_mo ...
+ ~~~~~~~~~~~~~~~~~~~~~~~~~~~~~~~~~~~~~~~~~~~~~~~~~~~~~~~~~~~~~~~~~~~~~
    + CategoryInfo          : NotSpecified: (Failed to compile.:String) [], RemoteException
    + FullyQualifiedErrorId : NativeCommandError
 

./app/create-course/[courseId]/_components/GenerationProgress.tsx:127:6
Type error: Type '{ children: Element; className: string; }' is not assignable to type 'IntrinsicAttributes & 
RefAttributes<any>'.
  Property 'children' does not exist on type 'IntrinsicAttributes & RefAttributes<any>'.

[0m [90m 125 |[39m
 [90m 126 |[39m   [36mreturn[39m (
[31m[1m>[22m[39m[90m 127 |[39m     [33m<[39m[33mCard[39m className[33m=[39m[32m"my-6 shadow-lg 
border-gray-200 dark:border-gray-700"[39m[33m>[39m
 [90m     |[39m      [31m[1m^[22m[39m
 [90m 128 |[39m       [33m<[39m[33mCardContent[39m className[33m=[39m[32m"p-6"[39m[33m>[39m
 [90m 129 |[39m         [33m<[39m[33mdiv[39m className[33m=[39m[32m"flex items-center gap-3 
mb-4"[39m[33m>[39m
 [90m 130 |[39m           [33m<[39m[33mdiv[39m 
className[33m=[39m{getStatusColor()}[33m>[39m{getStatusIcon()}[33m<[39m[33m/[39m[33mdiv[39m[33m>[39m[0m
Next.js build worker exited with code: 1 and signal: null
