
> coursei@0.1.0 test
> vitest run


[1m[30m[46m RUN [49m[39m[22m [36mv4.1.8 [39m[90mC:/Users/omkar/Documents/github/coursei.ai[39m

 [32mΓ£ô[39m __tests__/actions/progress.test.ts [2m([22m[2m3 tests[22m[2m)[22m[32m 31[2mms[22m[39m
[90mstdout[2m | __tests__/services/vector.test.ts[2m > [22m[2mVector search configuration[2m > [22m[2mdetects when vector search is not configured
[22m[39m≡ƒöì Validating environment variables...
Γ£à Environment variables validated


[90mstdout[2m | __tests__/lib/env.test.ts[2m > [22m[2mEnvironment Validation[2m > [22m[2mrequiredEnvSchema[2m > [22m[2mshould pass with all required variables
[22m[39m≡ƒöì Validating environment variables...
Γ£à Environment variables validated


node.exe : [90mstderr[2m | __tests__/services/vector.test.ts[2m > [22m[2mVector search configuration[2m > 
[22m[2mreturns false when only URL is set
At line:1 char:1
+ & "C:\Program Files\nodejs/node.exe" "C:\Program Files\nodejs/node_mo ...
+ ~~~~~~~~~~~~~~~~~~~~~~~~~~~~~~~~~~~~~~~~~~~~~~~~~~~~~~~~~~~~~~~~~~~~~
    + CategoryInfo          : NotSpecified: ([90mstderr[2m...only URL is set:String) [], RemoteException
    + FullyQualifiedErrorId : NativeCommandError
 
[22m[39m
ΓÜá∩╕Å  Environment variable warnings:
  - UPSTASH_VECTOR_REST_TOKEN is set but UPSTASH_VECTOR_REST_URL is missing


[90mstdout[2m | __tests__/services/cache.test.ts
[22m[39m≡ƒöì Validating environment variables...
Γ£à Environment variables validated


[90mstdout[2m | __tests__/services/vector.test.ts[2m > [22m[2mVector search configuration[2m > [22m[2mdetects when vector search is configured
[22m[39m≡ƒöì Validating environment variables...
Γ£à Environment variables validated


[90mstdout[2m | __tests__/lib/env.test.ts[2m > [22m[2mEnvironment Validation[2m > [22m[2mrequiredEnvSchema[2m > [22m[2mshould throw when DATABASE_URL is missing
[22m[39m≡ƒöì Validating environment variables...

[90mstdout[2m | __tests__/services/vector.test.ts[2m > [22m[2mVector search configuration[2m > [22m[2mreturns false when only URL is set
[22m[39m≡ƒöì Validating environment variables...
Γ£à Environment variables validated


[90mstdout[2m | __tests__/lib/env.test.ts[2m > [22m[2mEnvironment Validation[2m > [22m[2mrequiredEnvSchema[2m > [22m[2mshould throw when CLERK_SECRET_KEY is missing
[22m[39m≡ƒöì Validating environment variables...

[90mstdout[2m | __tests__/lib/env.test.ts[2m > [22m[2mEnvironment Validation[2m > [22m[2mrequiredEnvSchema[2m > [22m[2mshould throw when multiple required variables are missing
[22m[39m≡ƒöì Validating environment variables...

[90mstdout[2m | __tests__/services/vector.test.ts[2m > [22m[2mVector search configuration[2m > [22m[2mreturns false when only token is set
[22m[39m≡ƒöì Validating environment variables...
Γ£à Environment variables validated


[90mstderr[2m | __tests__/services/vector.test.ts[2m > [22m[2mVector search configuration[2m > [22m[2mreturns 
false when only token is set
[22m[39m
ΓÜá∩╕Å  Environment variable warnings:
  - UPSTASH_VECTOR_REST_URL is set but UPSTASH_VECTOR_REST_TOKEN is missing


 [32mΓ£ô[39m __tests__/ai/schemas.test.ts [2m([22m[2m11 tests[22m[2m)[22m[32m 48[2mms[22m[39m
[90mstdout[2m | __tests__/lib/env.test.ts[2m > [22m[2mEnvironment Validation[2m > [22m[2mrequiredEnvSchema[2m > [22m[2mshould reject invalid DATABASE_URL format
[22m[39m≡ƒöì Validating environment variables...

 [32mΓ£ô[39m __tests__/services/vector.test.ts [2m([22m[2m4 tests[22m[2m)[22m[33m 532[2mms[22m[39m
     [33m[2mΓ£ô[22m[39m detects when vector search is not configured [33m 466[2mms[22m[39m
[90mstdout[2m | __tests__/lib/env.test.ts[2m > [22m[2mEnvironment Validation[2m > [22m[2moptionalEnvSchema[2m > [22m[2mshould not throw when optional variables are missing
[22m[39m≡ƒöì Validating environment variables...
Γ£à Environment variables validated


 [32mΓ£ô[39m __tests__/services/cache.test.ts [2m([22m[2m7 tests[22m[2m)[22m[32m 22[2mms[22m[39m
[90mstdout[2m | __tests__/lib/env.test.ts[2m > [22m[2mEnvironment Validation[2m > [22m[2moptionalEnvSchema[2m > [22m[2mshould accept valid optional variables
[22m[39m≡ƒöì Validating environment variables...
Γ£à Environment variables validated


[90mstdout[2m | __tests__/lib/env.test.ts[2m > [22m[2mEnvironment Validation[2m > [22m[2misServiceEnabled[2m > [22m[2mshould return true when service is configured
[22m[39m≡ƒöì Validating environment variables...
Γ£à Environment variables validated


[90mstdout[2m | __tests__/lib/env.test.ts[2m > [22m[2mEnvironment Validation[2m > [22m[2misServiceEnabled[2m > [22m[2mshould return false when service is not configured
[22m[39m≡ƒöì Validating environment variables...
Γ£à Environment variables validated


[90mstdout[2m | __tests__/lib/env.test.ts[2m > [22m[2mEnvironment Validation[2m > [22m[2misServiceEnabled[2m > [22m[2mshould return false for unknown service
[22m[39m≡ƒöì Validating environment variables...
Γ£à Environment variables validated


 [32mΓ£ô[39m __tests__/lib/env.test.ts [2m([22m[2m10 tests[22m[2m)[22m[33m 570[2mms[22m[39m
       [33m[2mΓ£ô[22m[39m should pass with all required variables [33m 457[2mms[22m[39m
 [32mΓ£ô[39m __tests__/actions/course.test.ts [2m([22m[2m2 tests[22m[2m)[22m[33m 2725[2mms[22m[39m
     [33m[2mΓ£ô[22m[39m getPublishedCourseById returns course when found [33m 2710[2mms[22m[39m

[2m Test Files [22m [1m[32m6 passed[39m[22m[90m (6)[39m
[2m      Tests [22m [1m[32m37 passed[39m[22m[90m (37)[39m
[2m   Start at [22m 18:52:56
[2m   Duration [22m 13.92s[2m (transform 2.98s, setup 6.15s, import 3.72s, tests 3.93s, environment 50.02s)[22m

